[water] https://overpass-api.de/api/interpreter -> 5195 elements in 12.3s
[islands] https://overpass-api.de/api/interpreter -> 178 elements in 3.7s
[roads_major] https://overpass-api.de/api/interpreter attempt 0 failed: HTTP Error 429: Too Many Requests
[roads_major] https://overpass.kumi.systems/api/interpreter attempt 0 failed: HTTP Error 504: Gateway Timeout
[roads_major] https://overpass.private.coffee/api/interpreter attempt 0 failed: HTTP Error 504: Gateway Timeout
[roads_major] https://overpass-api.de/api/interpreter -> 57053 elements in 24.8s
[green] https://overpass-api.de/api/interpreter -> 34621 elements in 30.8s
[rail] https://overpass-api.de/api/interpreter attempt 0 failed: HTTP Error 429: Too Many Requests
[rail] https://overpass.kumi.systems/api/interpreter -> 8790 elements in 234.3s
[admin] https://overpass-api.de/api/interpreter -> 851 elements in 12.4s
[landmarks] https://overpass-api.de/api/interpreter -> 417 elements in 17.3s
[bridges] https://overpass-api.de/api/interpreter attempt 0 failed: HTTP Error 429: Too Many Requests
[bridges] https://overpass.kumi.systems/api/interpreter -> 611 elements in 188.1s
[roads_minor_0] https://overpass-api.de/api/interpreter -> 2363 elements in 1.6s
[roads_minor_1] https://overpass-api.de/api/interpreter -> 3482 elements in 2.9s
[roads_minor_2] https://overpass-api.de/api/interpreter attempt 0 failed: HTTP Error 429: Too Many Requests
[roads_minor_2] https://overpass.kumi.systems/api/interpreter -> 2850 elements in 106.7s
[roads_minor_3] https://overpass-api.de/api/interpreter -> 2499 elements in 8.0s
[roads_minor_4] https://overpass-api.de/api/interpreter -> 3856 elements in 8.2s
[roads_minor_5] https://overpass-api.de/api/interpreter attempt 0 failed: HTTP Error 429: Too Many Requests
[roads_minor_5] https://overpass.kumi.systems/api/interpreter attempt 0 failed: HTTP Error 504: Gateway Timeout
[roads_minor_5] https://overpass.private.coffee/api/interpreter attempt 0 failed: HTTP Error 504: Gateway Timeout
[roads_minor_5] https://overpass-api.de/api/interpreter -> 6595 elements in 2.4s
[roads_minor_6] https://overpass-api.de/api/interpreter attempt 0 failed: HTTP Error 504: Gateway Timeout
[roads_minor_6] https://overpass.kumi.systems/api/interpreter -> 6160 elements in 108.1s
[roads_minor_7] https://overpass-api.de/api/interpreter -> 3916 elements in 7.9s
[roads_minor_8] https://overpass-api.de/api/interpreter attempt 0 failed: HTTP Error 504: Gateway Timeout
[roads_minor_8] https://overpass.kumi.systems/api/interpreter -> 2034 elements in 79.4s
[roads_minor_9] https://overpass-api.de/api/interpreter -> 3156 elements in 19.6s
[roads_minor_10] https://overpass-api.de/api/interpreter -> 4111 elements in 5.0s
[roads_minor_11] https://overpass-api.de/api/interpreter attempt 0 failed: HTTP Error 429: Too Many Requests
[roads_minor_11] https://overpass.kumi.systems/api/interpreter attempt 0 failed: HTTP Error 504: Gateway Timeout
[roads_minor_11] https://overpass.private.coffee/api/interpreter attempt 0 failed: HTTP Error 504: Gateway Timeout
[roads_minor_11] https://overpass-api.de/api/interpreter -> 3511 elements in 5.8s
layers: {'water': 5195, 'islands': 178, 'roads_major': 57053, 'green': 34621, 'rail': 8790, 'admin': 851, 'landmarks': 417, 'bridges': 611, 'roads_minor_0': 2363, 'roads_minor_1': 3482, 'roads_minor_2': 2850, 'roads_minor_3': 2499, 'roads_minor_4': 3856, 'roads_minor_5': 6595, 'roads_minor_6': 6160, 'roads_minor_7': 3916, 'roads_minor_8': 2034, 'roads_minor_9': 3156, 'roads_minor_10': 4111, 'roads_minor_11': 3511, 'roads_minor': 44533}
