[roads_outer_0] https://overpass-api.de/api/interpreter -> 2471 elements in 3.9s
[roads_outer_1] https://overpass-api.de/api/interpreter -> 2607 elements in 12.8s
[roads_outer_2] https://overpass-api.de/api/interpreter attempt 0 failed: HTTP Error 429: Too Many Requests
[roads_outer_2] https://overpass.kumi.systems/api/interpreter -> 4040 elements in 34.1s
[roads_outer_3] https://overpass-api.de/api/interpreter -> 3488 elements in 2.3s
[roads_outer_4] https://overpass-api.de/api/interpreter -> 2578 elements in 5.5s
[roads_outer_5] https://overpass-api.de/api/interpreter attempt 0 failed: HTTP Error 429: Too Many Requests
[roads_outer_5] https://overpass.kumi.systems/api/interpreter -> 1367 elements in 35.3s
[roads_outer_6] https://overpass-api.de/api/interpreter -> 3131 elements in 1.5s
[roads_outer_7] https://overpass-api.de/api/interpreter attempt 0 failed: HTTP Error 504: Gateway Timeout
[roads_outer_7] https://overpass.kumi.systems/api/interpreter -> 4369 elements in 156.8s
[roads_outer_10] https://overpass-api.de/api/interpreter attempt 0 failed: HTTP Error 504: Gateway Timeout
[roads_outer_10] https://overpass.kumi.systems/api/interpreter attempt 0 failed: HTTP Error 504: Gateway Timeout
[roads_outer_10] https://overpass.private.coffee/api/interpreter attempt 0 failed: HTTP Error 504: Gateway Timeout
[roads_outer_10] https://overpass-api.de/api/interpreter -> 3881 elements in 11.0s
[roads_outer_11] https://overpass-api.de/api/interpreter attempt 0 failed: HTTP Error 504: Gateway Timeout
[roads_outer_11] https://overpass.kumi.systems/api/interpreter attempt 0 failed: HTTP Error 504: Gateway Timeout
[roads_outer_11] https://overpass.private.coffee/api/interpreter -> 2512 elements in 29.2s
[roads_outer_12] https://overpass-api.de/api/interpreter -> 2837 elements in 2.7s
[roads_outer_13] https://overpass-api.de/api/interpreter attempt 0 failed: HTTP Error 504: Gateway Timeout
[roads_outer_13] https://overpass.kumi.systems/api/interpreter attempt 0 failed: HTTP Error 504: Gateway Timeout
[roads_outer_13] https://overpass.private.coffee/api/interpreter attempt 0 failed: HTTP Error 504: Gateway Timeout
[roads_outer_13] https://overpass-api.de/api/interpreter attempt 1 failed: HTTP Error 504: Gateway Timeout
[roads_outer_13] https://overpass.kumi.systems/api/interpreter -> 3641 elements in 156.1s
[roads_outer_16] https://overpass-api.de/api/interpreter attempt 0 failed: HTTP Error 504: Gateway Timeout
[roads_outer_16] https://overpass.kumi.systems/api/interpreter -> 4587 elements in 19.7s
[roads_outer_17] https://overpass-api.de/api/interpreter -> 2730 elements in 10.7s
[roads_outer_18] https://overpass-api.de/api/interpreter -> 2642 elements in 8.3s
[roads_outer_19] https://overpass-api.de/api/interpreter attempt 0 failed: HTTP Error 504: Gateway Timeout
[roads_outer_19] https://overpass.kumi.systems/api/interpreter -> 2354 elements in 24.0s
[roads_outer_20] https://overpass-api.de/api/interpreter -> 3325 elements in 5.8s
[roads_outer_21] https://overpass-api.de/api/interpreter attempt 0 failed: HTTP Error 504: Gateway Timeout
[roads_outer_21] https://overpass.kumi.systems/api/interpreter attempt 0 failed: HTTP Error 504: Gateway Timeout
[roads_outer_21] https://overpass.private.coffee/api/interpreter -> 4148 elements in 20.8s
[roads_outer_22] https://overpass-api.de/api/interpreter -> 1995 elements in 0.9s
[roads_outer_23] https://overpass-api.de/api/interpreter -> 1171 elements in 6.1s
layers: {'water': 5195, 'islands': 178, 'roads_major': 57053, 'green': 34621, 'rail': 8790, 'admin': 851, 'landmarks': 417, 'bridges': 611, 'roads_minor_0': 2363, 'roads_minor_1': 3482, 'roads_minor_2': 2850, 'roads_minor_3': 2499, 'roads_minor_4': 3856, 'roads_minor_5': 6595, 'roads_minor_6': 6160, 'roads_minor_7': 3916, 'roads_minor_8': 2034, 'roads_minor_9': 3156, 'roads_minor_10': 4111, 'roads_minor_11': 3511, 'roads_minor': 44533, 'roads_outer_0': 2471, 'roads_outer_1': 2607, 'roads_outer_2': 4040, 'roads_outer_3': 3488, 'roads_outer_4': 2578, 'roads_outer_5': 1367, 'roads_outer_6': 3131, 'roads_outer_7': 4369, 'roads_outer_10': 3881, 'roads_outer_11': 2512, 'roads_outer_12': 2837, 'roads_outer_13': 3641, 'roads_outer_16': 4587, 'roads_outer_17': 2730, 'roads_outer_18': 2642, 'roads_outer_19': 2354, 'roads_outer_20': 3325, 'roads_outer_21': 4148, 'roads_outer_22': 1995, 'roads_outer_23': 1171, 'roads_outer': 59874}
